/usr/bin/id: cannot find name for group ID 2000
/usr/bin/id: cannot find name for user ID 2019
/usr/bin/id: cannot find name for group ID 2000
/usr/bin/id: cannot find name for group ID 2000
/usr/bin/id: cannot find name for user ID 2019
/usr/bin/id: cannot find name for user ID 2019
/usr/bin/id: cannot find name for group ID 2000
/usr/bin/id: cannot find name for user ID 2019
/usr/bin/id: cannot find name for group ID 2000
/usr/bin/id: cannot find name for user ID 2019
/usr/bin/id: cannot find name for group ID 2000
/usr/bin/id: cannot find name for group ID 2000
/usr/bin/id: cannot find name for user ID 2019/usr/bin/id: cannot find name for user ID 2019

/usr/bin/id: cannot find name for group ID 2000
/usr/bin/id: cannot find name for user ID 2019
/usr/bin/id: cannot find name for group ID 2000
/usr/bin/id: /usr/bin/id: /usr/bin/id: cannot find name for user ID 2019cannot find name for group ID 2000
cannot find name for group ID 2000

/usr/bin/id: cannot find name for group ID 2000
/usr/bin/id: cannot find name for user ID 2019/usr/bin/id: cannot find name for user ID 2019

/usr/bin/id: cannot find name for user ID 2019
/usr/bin/id: cannot find name for group ID 2000
/usr/bin/id: cannot find name for user ID 2019
/usr/bin/id: cannot find name for group ID 2000
/usr/bin/id: cannot find name for group ID 2000/usr/bin/id: cannot find name for user ID 2019

/usr/bin/id: cannot find name for group ID 2000/usr/bin/id: cannot find name for group ID 2000

/usr/bin/id: cannot find name for group ID 2000
/usr/bin/id: cannot find name for user ID 2019
/usr/bin/id: cannot find name for user ID 2019/usr/bin/id: cannot find name for user ID 2019
/usr/bin/id: 
cannot find name for group ID 2000
/usr/bin/id: cannot find name for user ID 2019
/usr/bin/id: cannot find name for group ID 2000
/usr/bin/id: cannot find name for user ID 2019
/usr/bin/id: cannot find name for group ID 2000
/usr/bin/id: cannot find name for user ID 2019
/usr/bin/id: cannot find name for group ID 2000
/usr/bin/id: cannot find name for user ID 2019
/usr/bin/id: cannot find name for user ID 2019
/usr/bin/id: cannot find name for group ID 2000
/usr/bin/id: cannot find name for group ID 2000
/usr/bin/id: cannot find name for user ID 2019
/usr/bin/id: cannot find name for user ID 2019
/usr/bin/id: cannot find name for group ID 2000
/usr/bin/id: cannot find name for group ID 2000
/usr/bin/id: cannot find name for group ID 2000/usr/bin/id: 
cannot find name for group ID 2000
/usr/bin/id: cannot find name for group ID 2000/usr/bin/id: cannot find name for user ID 2019/usr/bin/id: cannot find name for group ID 2000
/usr/bin/id: cannot find name for user ID 2019/usr/bin/id: cannot find name for group ID 2000



/usr/bin/id: cannot find name for user ID 2019/usr/bin/id: cannot find name for user ID 2019
/usr/bin/id: cannot find name for group ID 2000

/usr/bin/id: cannot find name for user ID 2019
/usr/bin/id: cannot find name for user ID 2019
/usr/bin/id: cannot find name for user ID 2019
/usr/bin/id: cannot find name for user ID 2019
/usr/bin/id: cannot find name for group ID 2000
/usr/bin/id: cannot find name for group ID 2000
/usr/bin/id: cannot find name for group ID 2000
/usr/bin/id: cannot find name for user ID 2019
/usr/bin/id: cannot find name for user ID 2019
/usr/bin/id: cannot find name for user ID 2019
/usr/bin/id: cannot find name for group ID 2000
/usr/bin/id: cannot find name for user ID 2019
./shocks/console_shock.sh: line 81: e: command not found
./shocks/console_shock.sh: line 83: syntax error near unexpected token `fi'
./shocks/console_shock.sh: line 83: `fi'
./shocks/console_shock.sh: line 81: e: command not found
./shocks/console_shock.sh: line 83: syntax error near unexpected token `fi'
./shocks/console_shock.sh: line 83: `fi'
./shocks/console_shock.sh: line 81: ho: command not found
./shocks/console_shock.sh: line 81: ho: command not found
./shocks/console_shock.sh: line 81: ho: command not found
./shocks/console_shock.sh: line 81: ho: command not found
./shocks/console_shock.sh: line 81: ho: command not found
./shocks/console_shock.sh: line 81: ho: command not found
./shocks/console_shock.sh: line 81: ho: command not found
./shocks/console_shock.sh: line 81: ho: command not found
./shocks/console_shock.sh: line 81: ho: command not found
./shocks/console_shock.sh: line 81: ho: command not found
./shocks/console_shock.sh: line 81: ho: command not found
./shocks/console_shock.sh: line 81: ho: command not found
./shocks/console_shock.sh: line 81: ho: command not found
./shocks/console_shock.sh: line 81: ho: command not found
./shocks/console_shock.sh: line 81: ho: command not found
./shocks/console_shock.sh: line 81: ho: command not found
./shocks/console_shock.sh: line 81: ho: command not found
./shocks/console_shock.sh: line 81: ho: command not found
./shocks/console_shock.sh: line 81: ho: command not found
./shocks/console_shock.sh: line 81: ho: command not found
./shocks/console_shock.sh: line 81: ho: command not found
./shocks/console_shock.sh: line 81: ho: command not found
./shocks/console_shock.sh: line 81: ho: command not found
./shocks/console_shock.sh: line 81: ho: command not found
./shocks/console_shock.sh: line 81: ho: command not found
./shocks/console_shock.sh: line 81: ho: command not found
/usr/bin/id: cannot find name for group ID 2000
/usr/bin/id: cannot find name for user ID 2019
/usr/bin/id: cannot find name for group ID 2000
/usr/bin/id: cannot find name for user ID 2019
/usr/bin/id: cannot find name for group ID 2000
/usr/bin/id: cannot find name for user ID 2019
/usr/bin/id: cannot find name for group ID 2000
/usr/bin/id: cannot find name for group ID 2000
/usr/bin/id: cannot find name for user ID 2019
/usr/bin/id: cannot find name for user ID 2019
/usr/bin/id: cannot find name for group ID 2000
/usr/bin/id: cannot find name for group ID 2000
/usr/bin/id: cannot find name for group ID 2000
/usr/bin/id: cannot find name for group ID 2000
/usr/bin/id: /usr/bin/id: cannot find name for user ID 2019cannot find name for user ID 2019

/usr/bin/id: cannot find name for user ID 2019
/usr/bin/id: cannot find name for group ID 2000
/usr/bin/id: cannot find name for user ID 2019
/usr/bin/id: cannot find name for group ID 2000/usr/bin/id: cannot find name for user ID 2019

/usr/bin/id: cannot find name for group ID 2000/usr/bin/id: 
cannot find name for group ID 2000
/usr/bin/id: cannot find name for group ID 2000/usr/bin/id: cannot find name for group ID 2000/usr/bin/id: cannot find name for user ID 2019


/usr/bin/id: cannot find name for user ID 2019/usr/bin/id: cannot find name for user ID 2019

/usr/bin/id: cannot find name for user ID 2019/usr/bin/id: 
cannot find name for user ID 2019
/usr/bin/id: cannot find name for group ID 2000
/usr/bin/id: cannot find name for user ID 2019
/usr/bin/id: cannot find name for group ID 2000
/usr/bin/id: cannot find name for user ID 2019
/usr/bin/id: cannot find name for group ID 2000/usr/bin/id: cannot find name for group ID 2000

/usr/bin/id: cannot find name for group ID 2000
/usr/bin/id: cannot find name for user ID 2019/usr/bin/id: 
cannot find name for user ID 2019
/usr/bin/id: cannot find name for group ID 2000
/usr/bin/id: /usr/bin/id: cannot find name for group ID 2000cannot find name for group ID 2000

/usr/bin/id: /usr/bin/id: cannot find name for user ID 2019/usr/bin/id: cannot find name for group ID 2000cannot find name for group ID 2000


/usr/bin/id: cannot find name for user ID 2019
/usr/bin/id: cannot find name for group ID 2000/usr/bin/id: /usr/bin/id: 
cannot find name for user ID 2019
cannot find name for user ID 2019
/usr/bin/id: cannot find name for user ID 2019/usr/bin/id: cannot find name for user ID 2019

/usr/bin/id: cannot find name for group ID 2000
/usr/bin/id: cannot find name for group ID 2000
/usr/bin/id: cannot find name for user ID 2019
/usr/bin/id: cannot find name for group ID 2000
/usr/bin/id: cannot find name for group ID 2000
/usr/bin/id: /usr/bin/id: /usr/bin/id: cannot find name for user ID 2019cannot find name for group ID 2000
cannot find name for group ID 2000

/usr/bin/id: cannot find name for user ID 2019
/usr/bin/id: /usr/bin/id: cannot find name for group ID 2000
/usr/bin/id: cannot find name for user ID 2019
cannot find name for group ID 2000
/usr/bin/id: cannot find name for group ID 2000
/usr/bin/id: cannot find name for user ID 2019
/usr/bin/id: cannot find name for user ID 2019
/usr/bin/id: cannot find name for user ID 2019
/usr/bin/id: cannot find name for user ID 2019
/usr/bin/id: cannot find name for user ID 2019
/usr/bin/id: cannot find name for user ID 2019
./shocks/console_shock.sh: line 81: ho: command not found
Error in na.approx.default(LR$Building[[asset_corrente]], x = LR$Building$WaterDepth,  : 
  x and index must have the same length
Calls: na.approx -> na.approx.default
Execution halted
Error in gzfile(file, "rb") : cannot open the connection
Calls: readRDS -> gzfile
In addition: Warning message:
In gzfile(file, "rb") :
  cannot open compressed file '/mnt/beegfs/lcesarini/2025_p_irio/out/shocks/claims/2019/BI/EVENT_40886_2019_Friuli-Venezia Giulia_River_ul.rds', probable reason 'No such file or directory'
Execution halted
./shocks/console_shock.sh: line 81: ho: command not found
./shocks/console_shock.sh: line 81: ho: command not found
./shocks/console_shock.sh: line 81: ho: command not found
./shocks/console_shock.sh: line 81: ho: command not found
./shocks/console_shock.sh: line 81: ho: command not found
./shocks/console_shock.sh: line 81: ho: command not found
