start of job
eliminating results slurm older than 10 days
2025-07-06 11:33:32
/mnt/beegfs/lcesarini/2025_p_irio/src
no change     /apps/miniconda3/condabin/conda
no change     /apps/miniconda3/bin/conda
no change     /apps/miniconda3/bin/conda-env
no change     /apps/miniconda3/bin/activate
no change     /apps/miniconda3/bin/deactivate
no change     /apps/miniconda3/etc/profile.d/conda.sh
no change     /apps/miniconda3/etc/fish/conf.d/conda.fish
no change     /apps/miniconda3/shell/condabin/Conda.psm1
no change     /apps/miniconda3/shell/condabin/conda-hook.ps1
no change     /apps/miniconda3/lib/python3.9/site-packages/xontrib/conda.xsh
no change     /apps/miniconda3/etc/profile.d/conda.csh
no change     /home/luigi.cesarini/.bashrc
No action taken.

----------------------------------------------
Calling
conda activate r_symi
Rscript shocks/create_input.R 1968 40244

conda activate my_xclim_env
./shocks/create_input.py -id 40244 -yr 1968

rm ../test/tot_addetti_by_sector_intermediate_40200_1965_Friuli-Venezia Giulia.csv ../test/tot_addetti_by_sector_intermediate_40200_1965_Lombardia.csv ../test/tot_addetti_by_sector_intermediate_40200_1965_Trentino-Alto Adige.csv ../test/tot_addetti_by_sector_intermediate_40200_1965_Valle d'Aosta.csv ../test/tot_addetti_by_sector_intermediate_40200_1965_Veneto.csv
----------------------------------------------
[1] "out/vector/1968//EVENT_40244_1968_Abruzzo_River_ul.gpkg"
[2] "out/vector/1968//EVENT_40244_1968_Lazio_River_ul.gpkg"  
[3] "out/vector/1968//EVENT_40244_1968_Marche_River_ul.gpkg" 
[4] "out/vector/1968//EVENT_40244_1968_Molise_River_ul.gpkg" 
[5] "out/vector/1968//EVENT_40244_1968_Puglia_River_ul.gpkg" 
[6] "out/vector/1968//EVENT_40244_1968_Umbria_River_ul.gpkg" 

The job was done in 88 seconds

Sun Jul  6 11:35:00 CEST 2025
end of job
