start of job
eliminating results slurm older than 10 days
2025-07-06 11:33:32
/mnt/beegfs/lcesarini/2025_p_irio/src
no change     /apps/miniconda3/condabin/conda
no change     /apps/miniconda3/bin/conda
no change     /apps/miniconda3/bin/conda-env
no change     /apps/miniconda3/bin/activate
no change     /apps/miniconda3/bin/deactivate
no change     /apps/miniconda3/etc/profile.d/conda.sh
no change     /apps/miniconda3/etc/fish/conf.d/conda.fish
no change     /apps/miniconda3/shell/condabin/Conda.psm1
no change     /apps/miniconda3/shell/condabin/conda-hook.ps1
no change     /apps/miniconda3/lib/python3.9/site-packages/xontrib/conda.xsh
no change     /apps/miniconda3/etc/profile.d/conda.csh
no change     /home/luigi.cesarini/.bashrc
No action taken.

----------------------------------------------
Calling
conda activate r_symi
Rscript shocks/create_input.R 1964 40180

conda activate my_xclim_env
./shocks/create_input.py -id 40180 -yr 1964

rm ../test/tot_addetti_by_sector_intermediate_40200_1965_Friuli-Venezia Giulia.csv ../test/tot_addetti_by_sector_intermediate_40200_1965_Lombardia.csv ../test/tot_addetti_by_sector_intermediate_40200_1965_Trentino-Alto Adige.csv ../test/tot_addetti_by_sector_intermediate_40200_1965_Valle d'Aosta.csv ../test/tot_addetti_by_sector_intermediate_40200_1965_Veneto.csv
----------------------------------------------
[1] "out/vector/1964//EVENT_40180_1964_Basilicata_River_ul.gpkg"
[2] "out/vector/1964//EVENT_40180_1964_Calabria_River_ul.gpkg"  
['Calabria', 'Basilicata']

The job was done in 19 seconds

Sun Jul  6 11:33:51 CEST 2025
end of job
