start of job
eliminating results slurm older than 10 days
2025-07-06 11:33:32
/mnt/beegfs/lcesarini/2025_p_irio/src
no change     /apps/miniconda3/condabin/conda
no change     /apps/miniconda3/bin/conda
no change     /apps/miniconda3/bin/conda-env
no change     /apps/miniconda3/bin/activate
no change     /apps/miniconda3/bin/deactivate
no change     /apps/miniconda3/etc/profile.d/conda.sh
no change     /apps/miniconda3/etc/fish/conf.d/conda.fish
no change     /apps/miniconda3/shell/condabin/Conda.psm1
no change     /apps/miniconda3/shell/condabin/conda-hook.ps1
no change     /apps/miniconda3/lib/python3.9/site-packages/xontrib/conda.xsh
no change     /apps/miniconda3/etc/profile.d/conda.csh
no change     /home/luigi.cesarini/.bashrc
No action taken.

----------------------------------------------
Calling
conda activate r_symi
Rscript shocks/create_input.R 1969 40263

conda activate my_xclim_env
./shocks/create_input.py -id 40263 -yr 1969

rm ../test/tot_addetti_by_sector_intermediate_40200_1965_Friuli-Venezia Giulia.csv ../test/tot_addetti_by_sector_intermediate_40200_1965_Lombardia.csv ../test/tot_addetti_by_sector_intermediate_40200_1965_Trentino-Alto Adige.csv ../test/tot_addetti_by_sector_intermediate_40200_1965_Valle d'Aosta.csv ../test/tot_addetti_by_sector_intermediate_40200_1965_Veneto.csv
----------------------------------------------
[1] "out/vector/1969//EVENT_40263_1969_Calabria_River_ul.gpkg"           
[2] "out/vector/1969//EVENT_40263_1969_Campania_River_ul.gpkg"           
[3] "out/vector/1969//EVENT_40263_1969_Emilia-Romagna_River_ul.gpkg"     
[4] "out/vector/1969//EVENT_40263_1969_Molise_River_ul.gpkg"             
[5] "out/vector/1969//EVENT_40263_1969_Puglia_River_ul.gpkg"             
[6] "out/vector/1969//EVENT_40263_1969_Sicilia_River_ul.gpkg"            
[7] "out/vector/1969//EVENT_40263_1969_Trentino-Alto Adige_River_ul.gpkg"
[8] "out/vector/1969//EVENT_40263_1969_Veneto_River_ul.gpkg"             

The job was done in 73 seconds

Sun Jul  6 11:34:45 CEST 2025
end of job
